../Core/Src/airbrake.c:85:6:Airbrake_DefaultConfig	16	static
../Core/Src/airbrake.c:137:19:Airbrake_Init	24	static
../Core/Src/airbrake.c:198:19:Airbrake_CalibrateBounds	24	static
../Core/Src/airbrake.c:240:6:Airbrake_SetManualOverride	16	static
../Core/Src/airbrake.c:255:6:Airbrake_UpdateFlightGate	24	static
../Core/Src/airbrake.c:293:6:Airbrake_IsBusy	4	static
../Core/Src/airbrake.c:301:6:Airbrake_IsManualStepActive	4	static
../Core/Src/airbrake.c:309:6:Airbrake_IsDeploymentAllowed	4	static
../Core/Src/airbrake.c:328:19:Airbrake_SetTargetPercent	24	static
../Core/Src/airbrake.c:397:19:Airbrake_MoveRelativeSteps	80	static
../Core/Src/airbrake.c:486:19:Airbrake_Retract	8	static
../Core/Src/airbrake.c:492:19:Airbrake_DeployFull	8	static
../Core/Src/airbrake.c:512:19:Airbrake_Update	24	static
../Core/Src/airbrake.c:585:6:Airbrake_EStop	8	static
../Core/Src/airbrake.c:591:22:Airbrake_GetTelemetry	24	static
../Core/Src/airbrake.c:614:19:Airbrake_ClearFaults	24	static
../Core/Src/airbrake.c:691:16:Airbrake_PercentToCounts	88	static
../Core/Src/airbrake.c:703:16:Airbrake_CountsToPercent	128	static
../Core/Src/airbrake.c:739:26:Airbrake_ApplyMotionProfile	32	static
../Core/Src/airbrake.c:797:13:Airbrake_EnterFault	16	static
../Core/Src/airbrake.c:813:26:Airbrake_ReadDriverStatus	16	static
