../Core/Src/airbrake.c:77:6:Airbrake_DefaultConfig	16	static
../Core/Src/airbrake.c:129:19:Airbrake_Init	24	static
../Core/Src/airbrake.c:188:19:Airbrake_CalibrateBounds	24	static
../Core/Src/airbrake.c:230:6:Airbrake_SetManualOverride	16	static
../Core/Src/airbrake.c:245:6:Airbrake_UpdateFlightGate	24	static
../Core/Src/airbrake.c:283:6:Airbrake_IsBusy	4	static
../Core/Src/airbrake.c:291:6:Airbrake_IsDeploymentAllowed	4	static
../Core/Src/airbrake.c:310:19:Airbrake_SetTargetPercent	24	static
../Core/Src/airbrake.c:355:19:Airbrake_Retract	8	static
../Core/Src/airbrake.c:361:19:Airbrake_DeployFull	8	static
../Core/Src/airbrake.c:381:19:Airbrake_Update	24	static
../Core/Src/airbrake.c:453:6:Airbrake_EStop	8	static
../Core/Src/airbrake.c:459:22:Airbrake_GetTelemetry	24	static
../Core/Src/airbrake.c:469:16:Airbrake_PercentToCounts	88	static
../Core/Src/airbrake.c:481:16:Airbrake_CountsToPercent	128	static
../Core/Src/airbrake.c:517:26:Airbrake_ApplyMotionProfile	32	static
../Core/Src/airbrake.c:575:13:Airbrake_EnterFault	16	static
../Core/Src/airbrake.c:590:26:Airbrake_ReadDriverStatus	16	static
