../Core/Src/airbrake.c:21:16:clamp_percent	16	static
../Core/Src/airbrake.c:26:16:percent_to_counts	88	static
../Core/Src/airbrake.c:33:16:counts_to_percent	128	static
../Core/Src/airbrake.c:56:26:apply_motion_profile	32	static
../Core/Src/airbrake.c:88:26:set_hold_current	16	static
../Core/Src/airbrake.c:98:13:enter_fault	16	static
../Core/Src/airbrake.c:106:26:read_driver_status	16	static
../Core/Src/airbrake.c:158:6:Airbrake_DefaultConfig	16	static
../Core/Src/airbrake.c:193:19:Airbrake_Init	24	static
../Core/Src/airbrake.c:238:19:Airbrake_CalibrateBounds	24	static
../Core/Src/airbrake.c:266:6:Airbrake_SetManualOverride	16	static
../Core/Src/airbrake.c:271:6:Airbrake_UpdateFlightGate	24	static
../Core/Src/airbrake.c:305:6:Airbrake_IsBusy	4	static
../Core/Src/airbrake.c:310:6:Airbrake_IsDeploymentAllowed	4	static
../Core/Src/airbrake.c:315:19:Airbrake_SetTargetPercent	24	static
../Core/Src/airbrake.c:358:19:Airbrake_Retract	8	static
../Core/Src/airbrake.c:363:19:Airbrake_DeployFull	8	static
../Core/Src/airbrake.c:368:19:Airbrake_Update	24	static
../Core/Src/airbrake.c:423:6:Airbrake_EStop	8	static
../Core/Src/airbrake.c:428:22:Airbrake_GetTelemetry	24	static
