../Core/Inc/Fusion/FusionMath.h:127:21:FusionDegreesToRadians	16	static
../Core/Inc/Fusion/FusionMath.h:136:21:FusionRadiansToDegrees	16	static
../Core/Inc/Fusion/FusionMath.h:149:21:FusionArcSin	16	static
../Core/Inc/Fusion/FusionMath.h:170:21:FusionFastInverseSqrt	24	static
../Core/Inc/Fusion/FusionMath.h:218:28:FusionVectorSubtract	72	static
../Core/Inc/Fusion/FusionMath.h:235:28:FusionVectorScale	64	static
../Core/Inc/Fusion/FusionMath.h:339:32:FusionQuaternionAdd	88	static
../Core/Inc/Fusion/FusionMath.h:357:32:FusionQuaternionScale	80	static
../Core/Inc/Fusion/FusionMath.h:374:21:FusionQuaternionSum	24	static
../Core/Inc/Fusion/FusionMath.h:384:32:FusionQuaternionHadamard	88	static
../Core/Inc/Fusion/FusionMath.h:425:32:FusionQuaternionVectorProduct	88	static
../Core/Inc/Fusion/FusionMath.h:446:21:FusionQuaternionNormSquared	40	static
../Core/Inc/Fusion/FusionMath.h:464:32:FusionQuaternionNormalise	56	static
../Core/Inc/Fusion/FusionMath.h:481:28:FusionMatrixMultiply	64	static
../Core/Inc/Fusion/FusionMath.h:508:28:FusionQuaternionToMatrix	96	static
../Core/Inc/Fusion/FusionMath.h:540:27:FusionQuaternionToEuler	64	static
../Core/Inc/Fusion/FusionModel.h:37:28:FusionModelMagnetic	104	static
../Core/Inc/Fusion/FusionRemap.h:60:28:FusionRemap	64	static
../Core/Src/behavior.c:177:6:Behavior_DefaultConfig	96	static
../Core/Src/behavior.c:233:19:Behavior_Init	208	static
../Core/Src/behavior.c:316:18:Behavior_ApplyConfig	16	static
../Core/Src/behavior.c:340:18:Behavior_SetTargetApogee	16	static
../Core/Src/behavior.c:364:18:Behavior_SetInitialAltitudeAGL	16	static
../Core/Src/behavior.c:387:18:Behavior_SetDeploymentBounds	16	static
../Core/Src/behavior.c:415:18:Behavior_SetControllerEnabled	16	static
../Core/Src/behavior.c:439:18:Behavior_SubmitBarometerAltitudeAGL	16	static
../Core/Src/behavior.c:464:18:Behavior_SubmitBarometerAltitudeMSL	16	static
../Core/Src/behavior.c:488:6:Behavior_Update	16	static
../Core/Src/behavior.c:546:18:Behavior_RequestMode	24	static
../Core/Src/behavior.c:562:6:Behavior_ReturnToStandard	16	static
../Core/Src/behavior.c:568:16:Behavior_GetMode	4	static
../Core/Src/behavior.c:574:25:Behavior_GetConfig	4	static
../Core/Src/behavior.c:580:37:Behavior_GetTelemetry	4	static
../Core/Src/behavior.c:592:13:Behavior_EnterMode	24	static
../Core/Src/behavior.c:646:13:Behavior_ValidateConfig	16	static
../Core/Src/behavior.c:674:13:Behavior_CopyConfigToTelemetry	4	static
../Core/Src/behavior.c:688:13:Behavior_ResetFusion	64	static
../Core/Src/behavior.c:720:13:Behavior_ResetEstimatorController	16	static
../Core/Src/behavior.c:756:13:Behavior_ReadAndConvertSensors	80	static
../Core/Src/behavior.c:902:13:Behavior_ConvertRawSensors	104	static
../Core/Src/behavior.c:981:13:Behavior_UpdateFusion	80	static
../Core/Src/behavior.c:1016:13:Behavior_UpdateRealPipeline	56	static
../Core/Src/behavior.c:1063:13:Behavior_ConsumeBarometerCorrection	16	static
../Core/Src/behavior.c:1085:13:Behavior_UpdateController	40	static
../Core/Src/behavior.c:1140:13:Behavior_CopyEkfTelemetry	8	static
../Core/Src/behavior.c:1161:13:Behavior_CopyFusionTelemetry	80	static
../Core/Src/behavior.c:1208:13:Behavior_ResetSyntheticTest	32	static
../Core/Src/behavior.c:1268:13:Behavior_UpdateRawSensorTest	56	static
../Core/Src/behavior.c:1291:13:Behavior_UpdateSyntheticEkfTest	40	static
../Core/Src/behavior.c:1363:13:Behavior_UpdateFusionTest	56	static
../Core/Src/behavior.c:1390:13:Behavior_UpdateFullPipelineTest	88	static
../Core/Src/behavior.c:1475:13:Behavior_AdvanceSyntheticDynamics	40	static
../Core/Src/behavior.c:1561:21:Behavior_GetSyntheticBodyRate	64	static
../Core/Src/behavior.c:1579:13:Behavior_UpdateTruthQuaternion	72	static
../Core/Src/behavior.c:1601:21:Behavior_RotateEarthToBody	120	static
../Core/Src/behavior.c:1627:13:Behavior_CreateSyntheticSensors	88	static
../Core/Src/behavior.c:1700:13:Behavior_UpdateSyntheticTruthTelemetry	64	static
../Core/Src/behavior.c:1737:13:Behavior_UpdateTestMetrics	16	static
../Core/Src/behavior.c:1826:13:Behavior_FinalizeApogeeResult	8	static
../Core/Src/behavior.c:1854:14:Behavior_GetUpdatePeriodSeconds	4	static
../Core/Src/behavior.c:1860:17:Behavior_GetUpdatePeriodMilliseconds	16	static
../Core/Src/behavior.c:1869:14:Behavior_ClampFloat	24	static
../Core/Src/behavior.c:1887:14:Behavior_Absolute	16	static
../Core/Src/behavior.c:1893:14:Behavior_AngleDifferenceDegrees	24	static
../Core/Src/behavior.c:1912:14:Behavior_Noise	24	static
../Core/Src/behavior.c:1923:13:Behavior_Finite	16	static
