../Core/Inc/Fusion/FusionMath.h:127:21:FusionDegreesToRadians	16	static
../Core/Inc/Fusion/FusionMath.h:136:21:FusionRadiansToDegrees	16	static
../Core/Inc/Fusion/FusionMath.h:149:21:FusionArcSin	16	static
../Core/Inc/Fusion/FusionMath.h:170:21:FusionFastInverseSqrt	24	static
../Core/Inc/Fusion/FusionMath.h:218:28:FusionVectorSubtract	72	static
../Core/Inc/Fusion/FusionMath.h:235:28:FusionVectorScale	64	static
../Core/Inc/Fusion/FusionMath.h:339:32:FusionQuaternionAdd	88	static
../Core/Inc/Fusion/FusionMath.h:357:32:FusionQuaternionScale	80	static
../Core/Inc/Fusion/FusionMath.h:374:21:FusionQuaternionSum	24	static
../Core/Inc/Fusion/FusionMath.h:384:32:FusionQuaternionHadamard	88	static
../Core/Inc/Fusion/FusionMath.h:425:32:FusionQuaternionVectorProduct	88	static
../Core/Inc/Fusion/FusionMath.h:446:21:FusionQuaternionNormSquared	40	static
../Core/Inc/Fusion/FusionMath.h:464:32:FusionQuaternionNormalise	56	static
../Core/Inc/Fusion/FusionMath.h:481:28:FusionMatrixMultiply	64	static
../Core/Inc/Fusion/FusionMath.h:508:28:FusionQuaternionToMatrix	96	static
../Core/Inc/Fusion/FusionMath.h:540:27:FusionQuaternionToEuler	64	static
../Core/Inc/Fusion/FusionModel.h:37:28:FusionModelMagnetic	104	static
../Core/Inc/Fusion/FusionRemap.h:60:28:FusionRemap	64	static
../Core/Src/behavior.c:170:6:Behavior_DefaultConfig	96	static
../Core/Src/behavior.c:221:19:Behavior_Init	208	static
../Core/Src/behavior.c:291:18:Behavior_ApplyConfig	16	static
../Core/Src/behavior.c:310:18:Behavior_SetTargetApogee	16	static
../Core/Src/behavior.c:329:18:Behavior_SetInitialAltitudeAGL	16	static
../Core/Src/behavior.c:347:18:Behavior_SetDeploymentBounds	16	static
../Core/Src/behavior.c:368:18:Behavior_SetControllerEnabled	16	static
../Core/Src/behavior.c:385:18:Behavior_SubmitBarometerAltitudeAGL	16	static
../Core/Src/behavior.c:405:18:Behavior_SubmitBarometerAltitudeMSL	16	static
../Core/Src/behavior.c:420:6:Behavior_Update	16	static
../Core/Src/behavior.c:480:18:Behavior_RequestMode	24	static
../Core/Src/behavior.c:494:6:Behavior_ReturnToStandard	16	static
../Core/Src/behavior.c:499:16:Behavior_GetMode	4	static
../Core/Src/behavior.c:504:25:Behavior_GetConfig	4	static
../Core/Src/behavior.c:509:37:Behavior_GetTelemetry	4	static
../Core/Src/behavior.c:514:13:Behavior_EnterMode	24	static
../Core/Src/behavior.c:566:13:Behavior_IsSupportedMode	16	static
../Core/Src/behavior.c:573:13:Behavior_ValidateConfig	16	static
../Core/Src/behavior.c:601:13:Behavior_CopyConfigToTelemetry	4	static
../Core/Src/behavior.c:612:13:Behavior_ResetFusion	64	static
../Core/Src/behavior.c:641:13:Behavior_ResetEstimatorController	16	static
../Core/Src/behavior.c:667:13:Behavior_ResetSyntheticTest	32	static
../Core/Src/behavior.c:724:13:Behavior_UpdateStandard	16	static
../Core/Src/behavior.c:729:13:Behavior_UpdateRawSensorTest	56	static
../Core/Src/behavior.c:749:13:Behavior_UpdateSyntheticEkfTest	40	static
../Core/Src/behavior.c:819:13:Behavior_UpdateFusionTest	56	static
../Core/Src/behavior.c:843:13:Behavior_UpdateRealImuEkfTest	16	static
../Core/Src/behavior.c:848:13:Behavior_UpdateFullPipelineTest	88	static
../Core/Src/behavior.c:927:13:Behavior_ReadAndConvertSensors	80	static
../Core/Src/behavior.c:1070:13:Behavior_ConvertRawSensors	104	static
../Core/Src/behavior.c:1146:13:Behavior_UpdateFusion	80	static
../Core/Src/behavior.c:1177:13:Behavior_UpdateRealPipeline	56	static
../Core/Src/behavior.c:1221:13:Behavior_ConsumeBarometerCorrection	16	static
../Core/Src/behavior.c:1240:13:Behavior_UpdateController	40	static
../Core/Src/behavior.c:1294:13:Behavior_CopyEkfTelemetry	8	static
../Core/Src/behavior.c:1312:13:Behavior_CopyFusionTelemetry	80	static
../Core/Src/behavior.c:1344:13:Behavior_AdvanceSyntheticDynamics	40	static
../Core/Src/behavior.c:1429:21:Behavior_GetSyntheticBodyRate	64	static
../Core/Src/behavior.c:1444:13:Behavior_UpdateTruthQuaternion	72	static
../Core/Src/behavior.c:1463:21:Behavior_RotateEarthToBody	120	static
../Core/Src/behavior.c:1486:13:Behavior_CreateSyntheticSensors	88	static
../Core/Src/behavior.c:1556:13:Behavior_UpdateSyntheticTruthTelemetry	64	static
../Core/Src/behavior.c:1590:13:Behavior_UpdateTestMetrics	16	static
../Core/Src/behavior.c:1676:13:Behavior_FinalizeApogeeResult	8	static
../Core/Src/behavior.c:1699:14:Behavior_GetUpdatePeriodSeconds	4	static
../Core/Src/behavior.c:1704:17:Behavior_GetUpdatePeriodMilliseconds	16	static
../Core/Src/behavior.c:1712:14:Behavior_ClampFloat	24	static
../Core/Src/behavior.c:1729:14:Behavior_Absolute	16	static
../Core/Src/behavior.c:1734:14:Behavior_AngleDifferenceDegrees	24	static
../Core/Src/behavior.c:1752:14:Behavior_Noise	24	static
../Core/Src/behavior.c:1762:13:Behavior_Finite	16	static
../Core/Src/behavior.c:1767:14:Behavior_EarthVerticalToPositiveUp	24	static
