../Core/Src/bmp388.c:8:26:bmp388_write_u8	32	static
../Core/Src/bmp388.c:27:26:bmp388_read_u8	40	static
../Core/Src/bmp388.c:46:26:bmp388_read_bytes	40	static
../Core/Src/bmp388.c:66:17:bmp388_u16_le	16	static
../Core/Src/bmp388.c:71:16:bmp388_s16_le	16	static
../Core/Src/bmp388.c:76:26:bmp388_read_calibration	64	static
../Core/Src/bmp388.c:129:14:bmp388_compensate_temperature	24	static
../Core/Src/bmp388.c:143:14:bmp388_compensate_pressure	56	static
../Core/Src/bmp388.c:172:19:BMP388_ReadChipID	16	static
../Core/Src/bmp388.c:177:19:BMP388_ReadStatus	16	static
../Core/Src/bmp388.c:182:19:BMP388_ReadError	16	static
../Core/Src/bmp388.c:187:19:BMP388_Init	24	static
../Core/Src/bmp388.c:275:19:BMP388_ReadRawData	24	static
../Core/Src/bmp388.c:308:19:BMP388_ReadData	40	static
../Core/Src/bmp388.c:338:7:BMP388_PressureToAltitude	16	static
../Core/Src/bmp388.c:359:19:BMP388_SetReferencePressure	16	static
../Core/Src/bmp388.c:373:19:BMP388_CalibrateAltitudeReference	48	static
../Core/Src/bmp388.c:418:19:BMP388_ReadAltitude	32	static
