../Drivers/CMSIS/Include/core_cm33.h:3212:26:ITM_SendChar	16	static,ignoring_inline_asm
../Core/Inc/rocket_protocol.h:209:24:RocketProtocol_ReadU16	16	static
../Core/Inc/rocket_protocol.h:212:23:RocketProtocol_ReadI16	16	static
../Core/Src/main.c:163:9:RadioBridge_ExecuteCommand	104	static
../Core/Src/main.c:759:5:main	80	static
../Core/Src/main.c:1010:6:SystemClock_Config	144	static
../Core/Src/main.c:1084:13:MX_I2C1_Init	8	static
../Core/Src/main.c:1132:13:MX_I2C2_Init	8	static
../Core/Src/main.c:1180:13:MX_I2C3_Init	8	static
../Core/Src/main.c:1228:13:MX_ICACHE_Init	8	static
../Core/Src/main.c:1260:13:MX_SPI1_Init	8	static
../Core/Src/main.c:1308:13:MX_SPI2_Init	8	static
../Core/Src/main.c:1356:13:MX_SPI3_Init	8	static
../Core/Src/main.c:1404:6:MX_USB_PCD_Init	8	static
../Core/Src/main.c:1469:13:MX_GPIO_Init	48	static
../Core/Src/main.c:1560:5:_write	32	static
../Core/Src/main.c:1573:6:MPU_Config	32	static
../Core/Src/main.c:1609:6:Error_Handler	4	static,ignoring_inline_asm
