../Drivers/CMSIS/Include/core_cm33.h:3212:26:ITM_SendChar	16	static,ignoring_inline_asm
../Core/Inc/rocket_protocol.h:209:24:RocketProtocol_ReadU16	16	static
../Core/Inc/rocket_protocol.h:212:23:RocketProtocol_ReadI16	16	static
../Core/Src/main.c:162:9:RadioBridge_ExecuteCommand	104	static
../Core/Src/main.c:758:5:main	80	static
../Core/Src/main.c:977:6:SystemClock_Config	120	static
../Core/Src/main.c:1035:13:MX_I2C1_Init	8	static
../Core/Src/main.c:1083:13:MX_I2C2_Init	8	static
../Core/Src/main.c:1131:13:MX_I2C3_Init	8	static
../Core/Src/main.c:1179:13:MX_ICACHE_Init	8	static
../Core/Src/main.c:1211:13:MX_SPI1_Init	8	static
../Core/Src/main.c:1259:13:MX_SPI2_Init	8	static
../Core/Src/main.c:1307:13:MX_SPI3_Init	8	static
../Core/Src/main.c:1355:6:MX_USB_PCD_Init	8	static
../Core/Src/main.c:1391:13:MX_GPIO_Init	48	static
../Core/Src/main.c:1482:5:_write	32	static
../Core/Src/main.c:1495:6:MPU_Config	32	static
../Core/Src/main.c:1531:6:Error_Handler	4	static,ignoring_inline_asm
