../Drivers/CMSIS/Include/core_cm33.h:3212:26:ITM_SendChar	16	static,ignoring_inline_asm
../Core/Src/main.c:125:5:main	80	static
../Core/Src/main.c:313:6:SystemClock_Config	120	static
../Core/Src/main.c:371:13:MX_I2C1_Init	8	static
../Core/Src/main.c:419:13:MX_I2C2_Init	8	static
../Core/Src/main.c:467:13:MX_I2C3_Init	8	static
../Core/Src/main.c:515:13:MX_ICACHE_Init	8	static
../Core/Src/main.c:547:13:MX_SPI1_Init	8	static
../Core/Src/main.c:595:13:MX_SPI2_Init	8	static
../Core/Src/main.c:643:13:MX_SPI3_Init	8	static
../Core/Src/main.c:691:6:MX_USB_PCD_Init	8	static
../Core/Src/main.c:727:13:MX_GPIO_Init	48	static
../Core/Src/main.c:818:5:_write	32	static
../Core/Src/main.c:831:6:MPU_Config	32	static
../Core/Src/main.c:867:6:Error_Handler	4	static,ignoring_inline_asm
