../Drivers/CMSIS/Include/core_cm33.h:3212:26:ITM_SendChar	16	static,ignoring_inline_asm
../Core/Src/main.c:107:5:main	112	static
../Core/Src/main.c:332:6:SystemClock_Config	120	static
../Core/Src/main.c:390:13:MX_I2C1_Init	8	static
../Core/Src/main.c:438:13:MX_I2C2_Init	8	static
../Core/Src/main.c:486:13:MX_I2C3_Init	8	static
../Core/Src/main.c:534:13:MX_ICACHE_Init	8	static
../Core/Src/main.c:566:13:MX_SPI1_Init	8	static
../Core/Src/main.c:614:13:MX_SPI2_Init	8	static
../Core/Src/main.c:662:13:MX_SPI3_Init	8	static
../Core/Src/main.c:710:6:MX_USB_PCD_Init	8	static
../Core/Src/main.c:746:13:MX_GPIO_Init	48	static
../Core/Src/main.c:837:5:_write	32	static
../Core/Src/main.c:850:6:MPU_Config	32	static
../Core/Src/main.c:886:6:Error_Handler	4	static,ignoring_inline_asm
