../Drivers/CMSIS/Include/core_cm33.h:3212:26:ITM_SendChar	16	static,ignoring_inline_asm
../Core/Inc/rocket_protocol.h:211:24:RocketProtocol_ReadU16	16	static
../Core/Inc/rocket_protocol.h:214:23:RocketProtocol_ReadI16	16	static
../Core/Src/main.c:308:16:Memory_ClampI16	16	static
../Core/Src/main.c:325:17:Memory_ClampU16	16	static
../Core/Src/main.c:338:13:Memory_SensorStatusIsFault	16	static
../Core/Src/main.c:343:17:Memory_MakeFlags	24	static
../Core/Src/main.c:415:16:Memory_MakeState	16	static
../Core/Src/main.c:422:16:Memory_MakeSensorHealth	24	static
../Core/Src/main.c:443:16:Memory_MapStatus	16	static
../Core/Src/main.c:464:13:Memory_BuildRocketTelemetry	24	static
../Core/Src/main.c:511:16:Memory_SelectEventMessage	24	static
../Core/Src/main.c:571:13:Memory_RocketToUsbTelemetry	16	static
../Core/Src/main.c:594:13:Memory_RocketToUsbEvent	16	static
../Core/Src/main.c:616:13:Memory_ExportAllowed	16	static
../Core/Src/main.c:643:13:Memory_SendExportStatus	32	static
../Core/Src/main.c:664:9:USBComm_ExecuteCommand	16	static
../Core/Src/main.c:755:13:Memory_LogTask	104	static
../Core/Src/main.c:856:13:Memory_SendArchiveControl	32	static
../Core/Src/main.c:892:13:Memory_ExportTask	72	static
../Core/Src/main.c:1078:13:Memory_ServiceEraseRequest	8	static
../Core/Src/main.c:1106:9:RadioBridge_ExecuteCommand	104	static
../Core/Src/main.c:1702:5:main	80	static
../Core/Src/main.c:1984:6:SystemClock_Config	144	static
../Core/Src/main.c:2058:13:MX_I2C1_Init	8	static
../Core/Src/main.c:2106:13:MX_I2C2_Init	8	static
../Core/Src/main.c:2154:13:MX_I2C3_Init	8	static
../Core/Src/main.c:2202:13:MX_ICACHE_Init	8	static
../Core/Src/main.c:2234:13:MX_SPI1_Init	8	static
../Core/Src/main.c:2282:13:MX_SPI2_Init	8	static
../Core/Src/main.c:2330:13:MX_SPI3_Init	8	static
../Core/Src/main.c:2378:6:MX_USB_PCD_Init	8	static
../Core/Src/main.c:2443:13:MX_GPIO_Init	48	static
../Core/Src/main.c:2534:5:_write	32	static
../Core/Src/main.c:2547:6:MPU_Config	32	static
../Core/Src/main.c:2583:6:Error_Handler	4	static,ignoring_inline_asm
