../Drivers/CMSIS/Include/core_cm33.h:3212:26:ITM_SendChar	4
../Core/Inc/rocket_protocol.h:209:24:RocketProtocol_ReadU16	1
../Core/Inc/rocket_protocol.h:212:23:RocketProtocol_ReadI16	1
../Core/Src/main.c:163:9:RadioBridge_ExecuteCommand	81
../Core/Src/main.c:759:5:main	2
../Core/Src/main.c:997:6:SystemClock_Config	4
../Core/Src/main.c:1055:13:MX_I2C1_Init	4
../Core/Src/main.c:1103:13:MX_I2C2_Init	4
../Core/Src/main.c:1151:13:MX_I2C3_Init	4
../Core/Src/main.c:1199:13:MX_ICACHE_Init	3
../Core/Src/main.c:1231:13:MX_SPI1_Init	2
../Core/Src/main.c:1279:13:MX_SPI2_Init	2
../Core/Src/main.c:1327:13:MX_SPI3_Init	2
../Core/Src/main.c:1375:6:MX_USB_PCD_Init	2
../Core/Src/main.c:1411:13:MX_GPIO_Init	1
../Core/Src/main.c:1502:5:_write	2
../Core/Src/main.c:1515:6:MPU_Config	1
../Core/Src/main.c:1551:6:Error_Handler	1
