../Drivers/CMSIS/Include/core_cm33.h:3212:26:ITM_SendChar	4
../Core/Src/main.c:107:5:main	6
../Core/Src/main.c:332:6:SystemClock_Config	4
../Core/Src/main.c:390:13:MX_I2C1_Init	4
../Core/Src/main.c:438:13:MX_I2C2_Init	4
../Core/Src/main.c:486:13:MX_I2C3_Init	4
../Core/Src/main.c:534:13:MX_ICACHE_Init	3
../Core/Src/main.c:566:13:MX_SPI1_Init	2
../Core/Src/main.c:614:13:MX_SPI2_Init	2
../Core/Src/main.c:662:13:MX_SPI3_Init	2
../Core/Src/main.c:710:6:MX_USB_PCD_Init	2
../Core/Src/main.c:746:13:MX_GPIO_Init	1
../Core/Src/main.c:837:5:_write	2
../Core/Src/main.c:850:6:MPU_Config	1
../Core/Src/main.c:886:6:Error_Handler	1
