../Drivers/CMSIS/Include/core_cm33.h:3212:26:ITM_SendChar	16	static,ignoring_inline_asm
../Core/Inc/rocket_protocol.h:209:24:RocketProtocol_ReadU16	16	static
../Core/Inc/rocket_protocol.h:212:23:RocketProtocol_ReadI16	16	static
../Core/Src/main.c:258:16:Memory_ClampI16	16	static
../Core/Src/main.c:275:17:Memory_ClampU16	16	static
../Core/Src/main.c:288:13:Memory_SensorStatusIsFault	16	static
../Core/Src/main.c:293:17:Memory_MakeFlags	24	static
../Core/Src/main.c:365:16:Memory_MakeState	16	static
../Core/Src/main.c:372:16:Memory_MakeSensorHealth	24	static
../Core/Src/main.c:393:16:Memory_MapStatus	16	static
../Core/Src/main.c:414:13:Memory_BuildRocketTelemetry	24	static
../Core/Src/main.c:461:16:Memory_SelectEventMessage	24	static
../Core/Src/main.c:521:13:Memory_RocketToUsbTelemetry	16	static
../Core/Src/main.c:544:13:Memory_RocketToUsbEvent	16	static
../Core/Src/main.c:562:13:Memory_LogTask	104	static
../Core/Src/main.c:662:13:Memory_ExportTask	72	static
../Core/Src/main.c:787:13:Memory_ServiceEraseRequest	8	static
../Core/Src/main.c:815:9:RadioBridge_ExecuteCommand	104	static
../Core/Src/main.c:1411:5:main	80	static
../Core/Src/main.c:1690:6:SystemClock_Config	144	static
../Core/Src/main.c:1764:13:MX_I2C1_Init	8	static
../Core/Src/main.c:1812:13:MX_I2C2_Init	8	static
../Core/Src/main.c:1860:13:MX_I2C3_Init	8	static
../Core/Src/main.c:1908:13:MX_ICACHE_Init	8	static
../Core/Src/main.c:1940:13:MX_SPI1_Init	8	static
../Core/Src/main.c:1988:13:MX_SPI2_Init	8	static
../Core/Src/main.c:2036:13:MX_SPI3_Init	8	static
../Core/Src/main.c:2084:6:MX_USB_PCD_Init	8	static
../Core/Src/main.c:2149:13:MX_GPIO_Init	48	static
../Core/Src/main.c:2240:5:_write	32	static
../Core/Src/main.c:2253:6:MPU_Config	32	static
../Core/Src/main.c:2289:6:Error_Handler	4	static,ignoring_inline_asm
