../Drivers/CMSIS/Include/core_cm33.h:3212:26:ITM_SendChar	16	static,ignoring_inline_asm
../Core/Inc/rocket_protocol.h:211:24:RocketProtocol_ReadU16	16	static
../Core/Inc/rocket_protocol.h:214:23:RocketProtocol_ReadI16	16	static
../Core/Src/main.c:310:16:Memory_ClampI16	16	static
../Core/Src/main.c:327:17:Memory_ClampU16	16	static
../Core/Src/main.c:340:13:Memory_SensorStatusIsFault	16	static
../Core/Src/main.c:345:17:Memory_MakeFlags	24	static
../Core/Src/main.c:417:16:Memory_MakeState	16	static
../Core/Src/main.c:424:16:Memory_MakeSensorHealth	24	static
../Core/Src/main.c:445:16:Memory_MapStatus	16	static
../Core/Src/main.c:466:13:Memory_BuildRocketTelemetry	24	static
../Core/Src/main.c:513:16:Memory_SelectEventMessage	24	static
../Core/Src/main.c:573:13:Memory_RocketToUsbTelemetry	16	static
../Core/Src/main.c:596:13:Memory_RocketToUsbEvent	16	static
../Core/Src/main.c:618:13:Memory_ExportAllowed	16	static
../Core/Src/main.c:645:13:Memory_SendExportStatus	32	static
../Core/Src/main.c:666:9:USBComm_ExecuteCommand	16	static
../Core/Src/main.c:757:13:Memory_LogTask	104	static
../Core/Src/main.c:871:13:Memory_SendArchiveControl	32	static
../Core/Src/main.c:907:9:USBComm_ApplicationRequestArchiveExport	16	static
../Core/Src/main.c:956:13:Memory_ExportTask	72	static
../Core/Src/main.c:1122:13:Memory_ServiceEraseRequest	8	static
../Core/Src/main.c:1176:9:RadioBridge_ExecuteCommand	104	static
../Core/Src/main.c:1812:5:main	80	static
../Core/Src/main.c:2094:6:SystemClock_Config	144	static
../Core/Src/main.c:2168:13:MX_I2C1_Init	8	static
../Core/Src/main.c:2216:13:MX_I2C2_Init	8	static
../Core/Src/main.c:2264:13:MX_I2C3_Init	8	static
../Core/Src/main.c:2312:13:MX_ICACHE_Init	8	static
../Core/Src/main.c:2344:13:MX_SPI1_Init	8	static
../Core/Src/main.c:2392:13:MX_SPI2_Init	8	static
../Core/Src/main.c:2440:13:MX_SPI3_Init	8	static
../Core/Src/main.c:2488:6:MX_USB_PCD_Init	8	static
../Core/Src/main.c:2553:13:MX_GPIO_Init	48	static
../Core/Src/main.c:2644:5:_write	32	static
../Core/Src/main.c:2657:6:MPU_Config	32	static
../Core/Src/main.c:2693:6:Error_Handler	4	static,ignoring_inline_asm
