../Drivers/CMSIS/Include/core_cm33.h:3212:26:ITM_SendChar	16	static,ignoring_inline_asm
../Core/Src/main.c:107:5:main	112	static
../Core/Src/main.c:325:6:SystemClock_Config	120	static
../Core/Src/main.c:383:13:MX_I2C1_Init	8	static
../Core/Src/main.c:431:13:MX_I2C2_Init	8	static
../Core/Src/main.c:479:13:MX_I2C3_Init	8	static
../Core/Src/main.c:527:13:MX_ICACHE_Init	8	static
../Core/Src/main.c:559:13:MX_SPI1_Init	8	static
../Core/Src/main.c:607:13:MX_SPI2_Init	8	static
../Core/Src/main.c:655:13:MX_SPI3_Init	8	static
../Core/Src/main.c:703:6:MX_USB_PCD_Init	8	static
../Core/Src/main.c:739:13:MX_GPIO_Init	48	static
../Core/Src/main.c:830:5:_write	32	static
../Core/Src/main.c:843:6:MPU_Config	32	static
../Core/Src/main.c:879:6:Error_Handler	4	static,ignoring_inline_asm
