../Drivers/CMSIS/Include/core_cm33.h:3212:26:ITM_SendChar	16	static,ignoring_inline_asm
../Core/Inc/rocket_protocol.h:209:24:RocketProtocol_ReadU16	16	static
../Core/Inc/rocket_protocol.h:212:23:RocketProtocol_ReadI16	16	static
../Core/Src/main.c:163:9:RadioBridge_ExecuteCommand	104	static
../Core/Src/main.c:759:5:main	8	static
../Core/Src/main.c:997:6:SystemClock_Config	120	static
../Core/Src/main.c:1055:13:MX_I2C1_Init	8	static
../Core/Src/main.c:1103:13:MX_I2C2_Init	8	static
../Core/Src/main.c:1151:13:MX_I2C3_Init	8	static
../Core/Src/main.c:1199:13:MX_ICACHE_Init	8	static
../Core/Src/main.c:1231:13:MX_SPI1_Init	8	static
../Core/Src/main.c:1279:13:MX_SPI2_Init	8	static
../Core/Src/main.c:1327:13:MX_SPI3_Init	8	static
../Core/Src/main.c:1375:6:MX_USB_PCD_Init	8	static
../Core/Src/main.c:1411:13:MX_GPIO_Init	48	static
../Core/Src/main.c:1502:5:_write	32	static
../Core/Src/main.c:1515:6:MPU_Config	32	static
../Core/Src/main.c:1551:6:Error_Handler	4	static,ignoring_inline_asm
