../Core/Inc/rocket_protocol.h:155:20:RocketProtocol_WriteU16	16	static
../Core/Inc/rocket_protocol.h:158:20:RocketProtocol_WriteI16	16	static
../Core/Inc/rocket_protocol.h:161:20:RocketProtocol_WriteU32	16	static
../Core/Inc/rocket_protocol.h:164:24:RocketProtocol_ReadU16	16	static
../Core/Inc/rocket_protocol.h:170:24:RocketProtocol_ReadU32	16	static
../Core/Inc/rocket_protocol.h:188:22:RocketProtocol_EncodeHeader	24	static
../Core/Inc/rocket_protocol.h:200:19:RocketProtocol_DecodeHeader	24	static
../Core/Src/radio_bridge.c:113:6:HAL_GPIO_EXTI_Callback	16	static
../Core/Src/radio_bridge.c:127:19:RadioBridge_Init	16	static
../Core/Src/radio_bridge.c:146:6:RadioBridge_RequestSnapshot	4	static
../Core/Src/radio_bridge.c:161:6:RadioBridge_Task	104	static
../Core/Src/radio_bridge.c:260:13:RadioBridge_ProcessCommand	64	static
../Core/Src/radio_bridge.c:391:26:RadioBridge_Transmit	16	static
../Core/Src/radio_bridge.c:403:26:RadioBridge_SendTelemetry	88	static
../Core/Src/radio_bridge.c:479:26:RadioBridge_SendEvent	64	static
../Core/Src/radio_bridge.c:513:13:RadioBridge_SendAck	56	static
../Core/Src/radio_bridge.c:543:16:RadioBridge_ClampI16	16	static
../Core/Src/radio_bridge.c:564:17:RadioBridge_ClampU16	16	static
../Core/Src/radio_bridge.c:580:13:RadioBridge_SensorStatusIsFault	16	static
../Core/Src/radio_bridge.c:586:17:RadioBridge_MakeFlags	24	static
../Core/Src/radio_bridge.c:659:16:RadioBridge_MakeState	16	static
../Core/Src/radio_bridge.c:667:16:RadioBridge_MakeSensorHealth	24	static
../Core/Src/radio_bridge.c:689:16:RadioBridge_MapStatus	16	static
../Core/Src/radio_bridge.c:714:16:RadioBridge_SelectEventMessage	24	static
