../Core/Inc/rocket_protocol.h:155:20:RocketProtocol_WriteU16	16	static
../Core/Inc/rocket_protocol.h:158:20:RocketProtocol_WriteI16	16	static
../Core/Inc/rocket_protocol.h:161:20:RocketProtocol_WriteU32	16	static
../Core/Inc/rocket_protocol.h:164:24:RocketProtocol_ReadU16	16	static
../Core/Inc/rocket_protocol.h:170:24:RocketProtocol_ReadU32	16	static
../Core/Inc/rocket_protocol.h:188:22:RocketProtocol_EncodeHeader	24	static
../Core/Inc/rocket_protocol.h:200:19:RocketProtocol_DecodeHeader	24	static
../Core/Src/radio_bridge.c:23:16:clamp_i16	16	static
../Core/Src/radio_bridge.c:29:17:clamp_u16	16	static
../Core/Src/radio_bridge.c:34:17:sat_u16_u32	16	static
../Core/Src/radio_bridge.c:36:17:make_flags	24	static
../Core/Src/radio_bridge.c:57:16:make_state	16	static
../Core/Src/radio_bridge.c:61:16:health2	16	static
../Core/Src/radio_bridge.c:64:16:make_sensor_health	24	static
../Core/Src/radio_bridge.c:70:16:map_status	16	static
../Core/Src/radio_bridge.c:82:16:event_message	24	static
../Core/Src/radio_bridge.c:100:26:transmit	16	static
../Core/Src/radio_bridge.c:104:26:send_telemetry	88	static
../Core/Src/radio_bridge.c:128:26:send_event	64	static
../Core/Src/radio_bridge.c:142:13:send_ack	56	static
../Core/Src/radio_bridge.c:152:13:process_command	64	static
../Core/Src/radio_bridge.c:195:6:HAL_GPIO_EXTI_Callback	16	static
../Core/Src/radio_bridge.c:199:19:RadioBridge_Init	16	static
../Core/Src/radio_bridge.c:207:6:RadioBridge_RequestSnapshot	4	static
../Core/Src/radio_bridge.c:209:6:RadioBridge_Task	104	static
