../Core/Inc/rocket_protocol.h:202:20:RocketProtocol_WriteU16	16	static
../Core/Inc/rocket_protocol.h:205:20:RocketProtocol_WriteI16	16	static
../Core/Inc/rocket_protocol.h:208:20:RocketProtocol_WriteU32	16	static
../Core/Inc/rocket_protocol.h:211:24:RocketProtocol_ReadU16	16	static
../Core/Inc/rocket_protocol.h:217:24:RocketProtocol_ReadU32	16	static
../Core/Inc/rocket_protocol.h:223:24:RocketProtocol_PackPingCounters	16	static
../Core/Inc/rocket_protocol.h:233:24:RocketProtocol_PackPingSignal	16	static
../Core/Inc/rocket_protocol.h:253:22:RocketProtocol_EncodeHeader	24	static
../Core/Inc/rocket_protocol.h:265:19:RocketProtocol_DecodeHeader	24	static
../Core/Src/radio_bridge.c:250:27:RadioBridge_ExecuteCommand	24	static
../Core/Src/radio_bridge.c:282:6:HAL_GPIO_EXTI_Callback	16	static
../Core/Src/radio_bridge.c:296:19:RadioBridge_Init	16	static
../Core/Src/radio_bridge.c:329:6:RadioBridge_RequestSnapshot	4	static
../Core/Src/radio_bridge.c:345:6:RadioBridge_Task	128	static
../Core/Src/radio_bridge.c:554:13:RadioBridge_ExtractCommand	32	static
../Core/Src/radio_bridge.c:603:16:RadioBridge_ValidateCommand	16	static
../Core/Src/radio_bridge.c:692:16:RadioBridge_DispatchCommand	40	static
../Core/Src/radio_bridge.c:764:13:RadioBridge_ProcessCommand	80	static
../Core/Src/radio_bridge.c:875:26:RadioBridge_Transmit	24	static
../Core/Src/radio_bridge.c:899:26:RadioBridge_SendTelemetry	88	static
../Core/Src/radio_bridge.c:975:26:RadioBridge_SendEvent	64	static
../Core/Src/radio_bridge.c:1009:13:RadioBridge_SendAck	56	static
../Core/Src/radio_bridge.c:1041:13:RadioBridge_SendAckParts	48	static
../Core/Src/radio_bridge.c:1074:13:RadioBridge_SendPingAcks	64	static
../Core/Src/radio_bridge.c:1114:13:RadioBridge_SendDiagnosticAcks	64	static
../Core/Src/radio_bridge.c:1271:13:RadioBridge_IncrementSaturating	16	static
../Core/Src/radio_bridge.c:1280:13:RadioBridge_NormalDataAllowed	4	static
../Core/Src/radio_bridge.c:1290:16:RadioBridge_ClampI16	16	static
../Core/Src/radio_bridge.c:1311:17:RadioBridge_ClampU16	16	static
../Core/Src/radio_bridge.c:1327:13:RadioBridge_SensorStatusIsFault	16	static
../Core/Src/radio_bridge.c:1333:17:RadioBridge_MakeFlags	24	static
../Core/Src/radio_bridge.c:1406:16:RadioBridge_MakeState	16	static
../Core/Src/radio_bridge.c:1414:16:RadioBridge_MakeSensorHealth	24	static
../Core/Src/radio_bridge.c:1436:16:RadioBridge_MapStatus	16	static
../Core/Src/radio_bridge.c:1461:16:RadioBridge_SelectEventMessage	24	static
