../Core/Src/tmc5240.c:24:13:TMC5240_CS_Low	8	static
../Core/Src/tmc5240.c:29:13:TMC5240_CS_High	8	static
../Core/Src/tmc5240.c:34:17:TMC5240_U32_FromBytes	16	static
../Core/Src/tmc5240.c:42:26:TMC5240_Transfer5	32	static
../Core/Src/tmc5240.c:61:17:TMC5240_Make_IHOLD_IRUN	16	static
../Core/Src/tmc5240.c:81:19:TMC5240_WriteReg	32	static
../Core/Src/tmc5240.c:95:19:TMC5240_ReadReg	32	static
../Core/Src/tmc5240.c:137:6:TMC5240_Wake	8	static
../Core/Src/tmc5240.c:152:6:TMC5240_Sleep	8	static
../Core/Src/tmc5240.c:162:19:TMC5240_EnableDriver	8	static
../Core/Src/tmc5240.c:178:6:TMC5240_DisableDriver	8	static
../Core/Src/tmc5240.c:184:19:TMC5240_SetGlobalScaler	16	static
../Core/Src/tmc5240.c:204:19:TMC5240_InitBasic	16	static
../Core/Src/tmc5240.c:388:19:TMC5240_SetCurrent	24	static
../Core/Src/tmc5240.c:420:13:TMC5240_AbortMotionUnsafe	8	static
../Core/Src/tmc5240.c:434:19:TMC5240_CheckSafety	24	static
../Core/Src/tmc5240.c:489:10:TMC5240_GetLastDRVStatus	4	static
../Core/Src/tmc5240.c:494:10:TMC5240_GetLastGSTAT	4	static
../Core/Src/tmc5240.c:503:19:TMC5240_MoveVelocity	32	static
../Core/Src/tmc5240.c:546:19:TMC5240_StopVelocity	16	static
../Core/Src/tmc5240.c:567:19:TMC5240_MoveToPosition	24	static
../Core/Src/tmc5240.c:620:19:TMC5240_GetIOIN	16	static
../Core/Src/tmc5240.c:625:19:TMC5240_GetGSTAT	16	static
../Core/Src/tmc5240.c:630:19:TMC5240_GetDRV_STATUS	16	static
../Core/Src/tmc5240.c:635:19:TMC5240_GetXACTUAL	24	static
