../Core/Src/usb_comm.c:74:13:USBComm_ResetBuffers	4	static
../Core/Src/usb_comm.c:87:13:USBComm_CdcConfigured	4	static
../Core/Src/usb_comm.c:101:13:USBComm_PushReceivedBytes	24	static
../Core/Src/usb_comm.c:135:15:USBComm_AmbarRead	32	static
../Core/Src/usb_comm.c:163:15:USBComm_AmbarWrite	24	static
../Core/Src/usb_comm.c:212:17:USBComm_AmbarTime	16	static
../Core/Src/usb_comm.c:218:13:USBComm_AmbarConnected	16	static
../Core/Src/usb_comm.c:228:13:USBComm_ServiceReceive	16	static
../Core/Src/usb_comm.c:263:13:USBComm_ServiceTransmit	16	static
../Core/Src/usb_comm.c:307:13:USBComm_HandleMessage	24	static
../Core/Src/usb_comm.c:362:6:USBComm_Init	40	static
../Core/Src/usb_comm.c:381:6:USBComm_Attach	16	static
../Core/Src/usb_comm.c:394:6:USBComm_Detach	8	static
../Core/Src/usb_comm.c:400:6:USBComm_IsConnected	8	static
../Core/Src/usb_comm.c:405:6:USBComm_Task	72	static
../Core/Src/usb_comm.c:435:6:USBComm_SendTelemetry	16	static
../Core/Src/usb_comm.c:448:6:USBComm_SendEvent	16	static
../Core/Src/usb_comm.c:461:6:USBComm_SendHeartbeat	16	static
../Core/Src/usb_comm.c:474:6:USBComm_SendActuatorStatus	16	static
../Core/Src/usb_comm.c:487:18:USBComm_GetStats	16	static
