../Core/Src/usb_comm.c:42:16:USBComm_ApplicationRequestArchiveExport	16	static
../Core/Src/usb_comm.c:104:13:USBComm_WriteU16LE	16	static
../Core/Src/usb_comm.c:110:13:USBComm_WriteU32LE	16	static
../Core/Src/usb_comm.c:118:13:USBComm_ResetBuffers	4	static
../Core/Src/usb_comm.c:131:13:USBComm_CdcConfigured	4	static
../Core/Src/usb_comm.c:145:13:USBComm_PushReceivedBytes	24	static
../Core/Src/usb_comm.c:179:15:USBComm_AmbarRead	32	static
../Core/Src/usb_comm.c:207:15:USBComm_AmbarWrite	24	static
../Core/Src/usb_comm.c:256:17:USBComm_AmbarTime	16	static
../Core/Src/usb_comm.c:262:13:USBComm_AmbarConnected	16	static
../Core/Src/usb_comm.c:272:13:USBComm_ServiceReceive	16	static
../Core/Src/usb_comm.c:307:13:USBComm_ServiceTransmit	16	static
../Core/Src/usb_comm.c:351:23:USBComm_ExecuteCommand	16	static
../Core/Src/usb_comm.c:379:13:USBComm_HandleMessage	40	static
../Core/Src/usb_comm.c:451:6:USBComm_Init	40	static
../Core/Src/usb_comm.c:470:6:USBComm_Attach	16	static
../Core/Src/usb_comm.c:483:6:USBComm_Detach	8	static
../Core/Src/usb_comm.c:489:6:USBComm_IsConnected	8	static
../Core/Src/usb_comm.c:494:6:USBComm_Task	72	static
../Core/Src/usb_comm.c:524:6:USBComm_SendTelemetry	16	static
../Core/Src/usb_comm.c:537:6:USBComm_SendEvent	16	static
../Core/Src/usb_comm.c:550:6:USBComm_SendHeartbeat	16	static
../Core/Src/usb_comm.c:563:6:USBComm_SendActuatorStatus	16	static
../Core/Src/usb_comm.c:576:6:USBComm_SendLogStatus	32	static
../Core/Src/usb_comm.c:600:18:USBComm_GetStats	16	static
