../Core/Src/usb_comm.c:80:13:USBComm_WriteU16LE	16	static
../Core/Src/usb_comm.c:86:13:USBComm_WriteU32LE	16	static
../Core/Src/usb_comm.c:94:13:USBComm_ResetBuffers	4	static
../Core/Src/usb_comm.c:107:13:USBComm_CdcConfigured	4	static
../Core/Src/usb_comm.c:121:13:USBComm_PushReceivedBytes	24	static
../Core/Src/usb_comm.c:155:15:USBComm_AmbarRead	32	static
../Core/Src/usb_comm.c:183:15:USBComm_AmbarWrite	24	static
../Core/Src/usb_comm.c:232:17:USBComm_AmbarTime	16	static
../Core/Src/usb_comm.c:238:13:USBComm_AmbarConnected	16	static
../Core/Src/usb_comm.c:248:13:USBComm_ServiceReceive	16	static
../Core/Src/usb_comm.c:283:13:USBComm_ServiceTransmit	16	static
../Core/Src/usb_comm.c:327:23:USBComm_ExecuteCommand	16	static
../Core/Src/usb_comm.c:355:13:USBComm_HandleMessage	40	static
../Core/Src/usb_comm.c:411:6:USBComm_Init	40	static
../Core/Src/usb_comm.c:430:6:USBComm_Attach	16	static
../Core/Src/usb_comm.c:443:6:USBComm_Detach	8	static
../Core/Src/usb_comm.c:449:6:USBComm_IsConnected	8	static
../Core/Src/usb_comm.c:454:6:USBComm_Task	72	static
../Core/Src/usb_comm.c:484:6:USBComm_SendTelemetry	16	static
../Core/Src/usb_comm.c:497:6:USBComm_SendEvent	16	static
../Core/Src/usb_comm.c:510:6:USBComm_SendHeartbeat	16	static
../Core/Src/usb_comm.c:523:6:USBComm_SendActuatorStatus	16	static
../Core/Src/usb_comm.c:536:6:USBComm_SendLogStatus	32	static
../Core/Src/usb_comm.c:560:18:USBComm_GetStats	16	static
